INFO 2025-12-15 23:27:31,771 autoreload 6812 12596 Watching for file changes with StatReloader
INFO 2025-12-15 23:27:44,465 log 6812 22760 "GET / HTTP/1.1" 200 417
WARNING 2025-12-15 23:27:44,642 log 6812 22760 "GET /favicon.ico HTTP/1.1" 404 17673
INFO 2025-12-15 23:28:33,519 log 6812 22760 "GET /health/ HTTP/1.1" 200 73
INFO 2025-12-15 23:29:26,970 autoreload 6812 12596 C:\Users\shaho\OneDrive\Desktop\django-api-template\config\urls.py changed, reloading.
INFO 2025-12-15 23:29:27,787 autoreload 24000 9392 Watching for file changes with StatReloader
INFO 2025-12-15 23:29:50,937 autoreload 24000 9392 C:\Users\shaho\OneDrive\Desktop\django-api-template\config\urls.py changed, reloading.
INFO 2025-12-15 23:29:51,699 autoreload 23392 12720 Watching for file changes with StatReloader
INFO 2025-12-15 23:29:56,804 log 23392 8532 "GET /health/ HTTP/1.1" 200 263
INFO 2025-12-15 23:30:58,049 log 23392 8532 "GET / HTTP/1.1" 200 417
INFO 2025-12-15 23:31:06,838 log 23392 8532 "GET /api/docs/ HTTP/1.1" 200 14822
INFO 2025-12-15 23:31:06,875 log 23392 8532 "GET /static/drf-yasg/style.css HTTP/1.1" 200 1047
INFO 2025-12-15 23:31:06,887 log 23392 12096 "GET /static/drf-yasg/insQ.min.js HTTP/1.1" 200 2093
INFO 2025-12-15 23:31:06,891 log 23392 16560 "GET /static/debug_toolbar/css/toolbar.css HTTP/1.1" 200 16675
INFO 2025-12-15 23:31:06,893 log 23392 8532 "GET /static/drf-yasg/immutable.min.js HTTP/1.1" 200 56904
INFO 2025-12-15 23:31:06,895 log 23392 21924 "GET /static/drf-yasg/swagger-ui-dist/swagger-ui.css HTTP/1.1" 200 145206
INFO 2025-12-15 23:31:06,898 log 23392 12096 "GET /static/drf-yasg/swagger-ui-init.js HTTP/1.1" 200 15480
INFO 2025-12-15 23:31:06,901 log 23392 16560 "GET /static/debug_toolbar/js/toolbar.js HTTP/1.1" 200 14601
INFO 2025-12-15 23:31:06,904 log 23392 18068 "GET /static/drf-yasg/swagger-ui-dist/swagger-ui-standalone-preset.js HTTP/1.1" 200 322863
INFO 2025-12-15 23:31:06,913 log 23392 9036 "GET /static/drf-yasg/swagger-ui-dist/swagger-ui-bundle.js HTTP/1.1" 200 1046583
INFO 2025-12-15 23:31:07,014 log 23392 9036 "GET /static/debug_toolbar/css/print.css HTTP/1.1" 200 43
INFO 2025-12-15 23:31:07,017 log 23392 18068 "GET /static/debug_toolbar/js/utils.js HTTP/1.1" 200 4742
INFO 2025-12-15 23:31:07,098 log 23392 9036 "GET /static/drf-yasg/swagger-ui-dist/favicon-32x32.png HTTP/1.1" 200 628
INFO 2025-12-15 23:31:07,113 log 23392 18068 "GET /api/docs/?format=openapi HTTP/1.1" 200 4392
INFO 2025-12-15 23:31:07,328 log 23392 18068 "GET /__debug__/history_sidebar/?store_id=0e867b12e2144f0498087d2a2923bc45 HTTP/1.1" 200 9797
INFO 2025-12-15 23:32:02,091 log 23392 18068 "GET /health/ HTTP/1.1" 200 263
INFO 2025-12-15 23:32:06,955 log 23392 18068 "GET /admin/ HTTP/1.1" 302 0
INFO 2025-12-15 23:32:06,988 log 23392 18068 "GET /admin/login/?next=/admin/ HTTP/1.1" 200 17253
INFO 2025-12-15 23:32:07,035 log 23392 21924 "GET /static/admin/css/login.css HTTP/1.1" 200 951
INFO 2025-12-15 23:32:07,035 log 23392 9036 "GET /static/admin/js/theme.js HTTP/1.1" 200 1653
INFO 2025-12-15 23:32:07,035 log 23392 12096 "GET /static/admin/css/nav_sidebar.css HTTP/1.1" 200 2810
INFO 2025-12-15 23:32:07,035 log 23392 16560 "GET /static/admin/css/dark_mode.css HTTP/1.1" 200 3538
INFO 2025-12-15 23:32:07,036 log 23392 8532 "GET /static/admin/css/responsive.css HTTP/1.1" 200 16194
INFO 2025-12-15 23:32:07,036 log 23392 18068 "GET /static/admin/css/base.css HTTP/1.1" 200 23100
INFO 2025-12-15 23:32:07,043 log 23392 9036 "GET /static/admin/js/nav_sidebar.js HTTP/1.1" 200 3063
INFO 2025-12-15 23:32:12,000 log 23392 9036 "GET /api/redoc/ HTTP/1.1" 200 14115
INFO 2025-12-15 23:32:12,029 log 23392 9036 "GET /static/drf-yasg/style.css HTTP/1.1" 304 0
INFO 2025-12-15 23:32:12,035 log 23392 9036 "GET /static/drf-yasg/insQ.min.js HTTP/1.1" 304 0
INFO 2025-12-15 23:32:12,039 log 23392 16560 "GET /static/drf-yasg/redoc-init.js HTTP/1.1" 200 2566
INFO 2025-12-15 23:32:12,046 log 23392 8532 "GET /static/drf-yasg/redoc/redoc.min.js HTTP/1.1" 200 1042511
INFO 2025-12-15 23:32:12,155 log 23392 8532 "GET /api/redoc/?format=openapi HTTP/1.1" 200 4392
INFO 2025-12-15 23:32:12,158 log 23392 16560 "GET /static/drf-yasg/redoc/redoc-logo.png HTTP/1.1" 200 4969
INFO 2025-12-15 23:32:44,210 log 23392 16560 "GET /api/redoc/?format=openapi HTTP/1.1" 200 4392
WARNING 2025-12-15 23:33:17,905 log 23392 15296 "GET /api/v1/accounts/ HTTP/1.1" 404 17543
WARNING 2025-12-15 23:33:20,866 log 23392 15296 "GET /api/v1/ HTTP/1.1" 404 17756
WARNING 2025-12-15 23:38:22,912 log 23392 20928 "GET /api/auth/token/ HTTP/1.1" 405 20891
INFO 2025-12-15 23:38:22,976 log 23392 20928 "GET /static/rest_framework/css/bootstrap.min.css HTTP/1.1" 200 121457
INFO 2025-12-15 23:38:22,986 log 23392 15748 "GET /static/rest_framework/css/bootstrap-tweaks.css HTTP/1.1" 200 3426
INFO 2025-12-15 23:38:22,991 log 23392 9304 "GET /static/rest_framework/css/default.css HTTP/1.1" 200 1152
INFO 2025-12-15 23:38:22,991 log 23392 15748 "GET /static/debug_toolbar/css/toolbar.css HTTP/1.1" 304 0
INFO 2025-12-15 23:38:22,993 log 23392 9184 "GET /static/rest_framework/js/csrf.js HTTP/1.1" 200 1793
INFO 2025-12-15 23:38:22,993 log 23392 23280 "GET /static/rest_framework/css/prettify.css HTTP/1.1" 200 817
INFO 2025-12-15 23:38:22,991 log 23392 11804 "GET /static/rest_framework/js/ajax-form.js HTTP/1.1" 200 3796
INFO 2025-12-15 23:38:22,994 log 23392 20928 "GET /static/rest_framework/js/jquery-3.7.1.min.js HTTP/1.1" 200 87533
INFO 2025-12-15 23:38:22,999 log 23392 9304 "GET /static/rest_framework/js/load-ajax-form.js HTTP/1.1" 200 59
INFO 2025-12-15 23:38:23,003 log 23392 15748 "GET /static/rest_framework/js/prettify-min.js HTTP/1.1" 200 13632
INFO 2025-12-15 23:38:23,006 log 23392 20928 "GET /static/debug_toolbar/js/toolbar.js HTTP/1.1" 304 0
INFO 2025-12-15 23:38:23,006 log 23392 23280 "GET /static/rest_framework/js/default.js HTTP/1.1" 200 1268
INFO 2025-12-15 23:38:23,008 log 23392 11804 "GET /static/rest_framework/js/bootstrap.min.js HTTP/1.1" 200 39680
INFO 2025-12-15 23:38:23,008 log 23392 9304 "GET /static/rest_framework/img/grid.png HTTP/1.1" 200 1458
INFO 2025-12-15 23:38:23,037 log 23392 9304 "GET /static/debug_toolbar/css/print.css HTTP/1.1" 304 0
INFO 2025-12-15 23:38:23,039 log 23392 11804 "GET /static/debug_toolbar/js/utils.js HTTP/1.1" 304 0
INFO 2025-12-15 23:39:18,713 autoreload 14400 21700 Watching for file changes with StatReloader
INFO 2025-12-15 23:39:28,491 log 14400 17900 "POST /api/auth/token/ HTTP/1.1" 200 21339
INFO 2025-12-15 23:49:00,288 autoreload 14400 21700 C:\Users\shaho\OneDrive\Desktop\django-api-template\config\settings.py changed, reloading.
INFO 2025-12-15 23:49:01,054 autoreload 9964 10092 Watching for file changes with StatReloader
INFO 2025-12-15 23:49:49,263 log 9964 18824 "GET /__debug__/render_panel/?store_id=ccdad487a9f443edb71a844dc9e31bc9&panel_id=SignalsPanel HTTP/1.1" 200 120
INFO 2025-12-15 23:50:02,427 log 9964 18824 "GET /__debug__/render_panel/?store_id=ccdad487a9f443edb71a844dc9e31bc9&panel_id=RequestPanel HTTP/1.1" 200 120
INFO 2025-12-15 23:50:09,236 log 9964 18824 "POST /api/auth/token/ HTTP/1.1" 200 21338
INFO 2025-12-15 23:50:09,281 log 9964 18824 "GET /static/rest_framework/css/bootstrap.min.css HTTP/1.1" 304 0
INFO 2025-12-15 23:50:09,281 log 9964 6024 "GET /static/rest_framework/css/bootstrap-tweaks.css HTTP/1.1" 304 0
INFO 2025-12-15 23:50:09,291 log 9964 8544 "GET /static/rest_framework/css/prettify.css HTTP/1.1" 304 0
INFO 2025-12-15 23:50:09,293 log 9964 14744 "GET /static/rest_framework/css/default.css HTTP/1.1" 304 0
INFO 2025-12-15 23:50:09,293 log 9964 18824 "GET /static/rest_framework/js/ajax-form.js HTTP/1.1" 304 0
INFO 2025-12-15 23:50:09,293 log 9964 6228 "GET /static/debug_toolbar/css/toolbar.css HTTP/1.1" 304 0
INFO 2025-12-15 23:50:09,297 log 9964 6024 "GET /static/rest_framework/js/csrf.js HTTP/1.1" 304 0
INFO 2025-12-15 23:50:09,297 log 9964 24140 "GET /static/rest_framework/js/jquery-3.7.1.min.js HTTP/1.1" 304 0
INFO 2025-12-15 23:50:09,299 log 9964 8544 "GET /static/rest_framework/js/bootstrap.min.js HTTP/1.1" 304 0
INFO 2025-12-15 23:50:09,300 log 9964 14744 "GET /static/rest_framework/js/prettify-min.js HTTP/1.1" 304 0
INFO 2025-12-15 23:50:09,300 log 9964 18824 "GET /static/rest_framework/js/default.js HTTP/1.1" 304 0
INFO 2025-12-15 23:50:09,302 log 9964 6228 "GET /static/rest_framework/js/load-ajax-form.js HTTP/1.1" 304 0
INFO 2025-12-15 23:50:09,303 log 9964 24140 "GET /static/debug_toolbar/js/toolbar.js HTTP/1.1" 304 0
INFO 2025-12-15 23:50:09,314 log 9964 24140 "GET /static/rest_framework/img/grid.png HTTP/1.1" 304 0
INFO 2025-12-15 23:50:09,324 log 9964 24140 "GET /static/debug_toolbar/css/print.css HTTP/1.1" 304 0
INFO 2025-12-15 23:50:09,351 log 9964 24140 "GET /static/debug_toolbar/js/utils.js HTTP/1.1" 304 0
INFO 2025-12-15 23:50:16,212 log 9964 15712 "GET /__debug__/render_panel/?store_id=7ad19f68b5ce4aeebaacabe14ea277ee&panel_id=VersionsPanel HTTP/1.1" 200 1276
INFO 2025-12-15 23:50:27,213 log 9964 15376 "GET /__debug__/render_panel/?store_id=7ad19f68b5ce4aeebaacabe14ea277ee&panel_id=SettingsPanel HTTP/1.1" 200 35202
INFO 2025-12-15 23:50:29,020 log 9964 15376 "GET /__debug__/render_panel/?store_id=7ad19f68b5ce4aeebaacabe14ea277ee&panel_id=HeadersPanel HTTP/1.1" 200 4949
INFO 2025-12-15 23:50:29,915 log 9964 15376 "GET /__debug__/render_panel/?store_id=7ad19f68b5ce4aeebaacabe14ea277ee&panel_id=RequestPanel HTTP/1.1" 200 2076
INFO 2025-12-15 23:50:32,307 log 9964 15376 "GET /__debug__/render_panel/?store_id=7ad19f68b5ce4aeebaacabe14ea277ee&panel_id=StaticFilesPanel HTTP/1.1" 200 58322
INFO 2025-12-15 23:50:34,812 log 9964 15376 "GET /__debug__/render_panel/?store_id=7ad19f68b5ce4aeebaacabe14ea277ee&panel_id=TemplatesPanel HTTP/1.1" 200 56569
INFO 2025-12-15 23:50:36,191 log 9964 15376 "GET /__debug__/render_panel/?store_id=7ad19f68b5ce4aeebaacabe14ea277ee&panel_id=AlertsPanel HTTP/1.1" 200 66
INFO 2025-12-15 23:50:37,927 log 9964 15376 "GET /__debug__/render_panel/?store_id=7ad19f68b5ce4aeebaacabe14ea277ee&panel_id=CachePanel HTTP/1.1" 200 18696
INFO 2025-12-15 23:50:40,476 log 9964 4304 "GET /__debug__/render_panel/?store_id=7ad19f68b5ce4aeebaacabe14ea277ee&panel_id=SignalsPanel HTTP/1.1" 200 2465
INFO 2026-03-26 23:34:11,324 autoreload 19800 15548 Watching for file changes with StatReloader
INFO 2026-03-26 23:34:37,537 autoreload 11580 13652 Watching for file changes with StatReloader
INFO 2026-03-26 23:34:45,208 log 11580 20860 "GET / HTTP/1.1" 200 417
WARNING 2026-03-26 23:34:48,214 log 11580 20860 "GET /favicon.ico HTTP/1.1" 404 17739
INFO 2026-03-26 23:34:53,263 log 11580 20860 "GET /api/docs/ HTTP/1.1" 302 0
INFO 2026-03-26 23:34:53,380 log 11580 20860 "GET /api/docs/login/?next=/api/docs/ HTTP/1.1" 200 22055
INFO 2026-03-26 23:34:53,527 log 11580 20860 "GET /static/modern_drf_swagger/css/styles.css HTTP/1.1" 200 22561
INFO 2026-03-26 23:34:53,528 log 11580 14064 "GET /static/debug_toolbar/css/toolbar.css HTTP/1.1" 200 30101
INFO 2026-03-26 23:34:53,528 log 11580 21968 "GET /static/debug_toolbar/js/toolbar.js HTTP/1.1" 200 14879
INFO 2026-03-26 23:34:54,278 log 11580 21968 "GET /static/debug_toolbar/css/print.css HTTP/1.1" 200 43
INFO 2026-03-26 23:34:54,308 log 11580 21968 "GET /static/debug_toolbar/js/utils.js HTTP/1.1" 200 4700
INFO 2026-03-26 23:35:08,529 log 11580 21968 "POST /api/docs/login/ HTTP/1.1" 302 0
INFO 2026-03-26 23:35:09,014 log 11580 20336 "GET /api/docs/ HTTP/1.1" 200 44318
INFO 2026-03-26 23:35:09,136 log 11580 21060 "GET /static/modern_drf_swagger/css/styles.css HTTP/1.1" 304 0
INFO 2026-03-26 23:35:09,137 log 11580 20336 "GET /static/modern_drf_swagger/js/global-auth.js HTTP/1.1" 200 15106
INFO 2026-03-26 23:35:09,138 log 11580 14100 "GET /static/modern_drf_swagger/js/request-editor.js HTTP/1.1" 200 78430
INFO 2026-03-26 23:35:09,143 log 11580 10092 "GET /static/modern_drf_swagger/js/endpoint-list.js HTTP/1.1" 200 12531
INFO 2026-03-26 23:35:09,144 log 11580 18556 "GET /static/modern_drf_swagger/js/code-generator.js HTTP/1.1" 200 11491
INFO 2026-03-26 23:35:09,146 log 11580 7156 "GET /static/modern_drf_swagger/js/response-viewer.js HTTP/1.1" 200 31621
INFO 2026-03-26 23:35:09,147 log 11580 20336 "GET /static/modern_drf_swagger/js/docs.js HTTP/1.1" 200 15017
INFO 2026-03-26 23:35:10,114 log 11580 20336 "GET /api/docs/schema/ HTTP/1.1" 200 3859
ERROR 2026-03-26 23:35:54,145 log 11580 20336 "GET /api/docs/analytics/ HTTP/1.1" 500 189234
INFO 2026-03-26 23:37:18,567 autoreload 780 14064 Watching for file changes with StatReloader
INFO 2026-03-26 23:37:20,198 log 780 18736 "GET /api/docs/analytics/ HTTP/1.1" 200 43494
INFO 2026-03-26 23:37:20,392 log 780 2472 "GET /static/modern_drf_swagger/js/global-auth.js HTTP/1.1" 304 0
INFO 2026-03-26 23:37:20,395 log 780 784 "GET /static/modern_drf_swagger/css/styles.css HTTP/1.1" 304 0
INFO 2026-03-26 23:37:20,395 log 780 18736 "GET /static/modern_drf_swagger/js/analytics.js HTTP/1.1" 200 6831
INFO 2026-03-26 23:37:21,976 log 780 18736 "GET /api/docs/analytics/?days=7&format=json HTTP/1.1" 200 173
INFO 2026-03-26 23:37:35,906 log 780 18736 "GET /api/docs/ HTTP/1.1" 200 44317
INFO 2026-03-26 23:37:36,017 log 780 18736 "GET /static/modern_drf_swagger/js/endpoint-list.js HTTP/1.1" 304 0
INFO 2026-03-26 23:37:36,031 log 780 2472 "GET /static/modern_drf_swagger/js/request-editor.js HTTP/1.1" 304 0
INFO 2026-03-26 23:37:36,032 log 780 18736 "GET /static/modern_drf_swagger/js/response-viewer.js HTTP/1.1" 304 0
INFO 2026-03-26 23:37:36,032 log 780 3004 "GET /static/modern_drf_swagger/js/docs.js HTTP/1.1" 304 0
INFO 2026-03-26 23:37:36,033 log 780 784 "GET /static/modern_drf_swagger/js/code-generator.js HTTP/1.1" 304 0
INFO 2026-03-26 23:37:36,693 log 780 784 "GET /api/docs/schema/ HTTP/1.1" 200 3859
INFO 2026-03-26 23:43:06,622 log 780 16436 "POST /api/docs/generate-code/ HTTP/1.1" 200 299
INFO 2026-03-26 23:43:07,056 log 780 16436 "GET /__debug__/history_sidebar/?request_id=6340091065ab46b9ad8ba920c61878f9 HTTP/1.1" 200 10141
INFO 2026-03-26 23:43:14,935 log 780 16436 "POST /api/docs/generate-code/ HTTP/1.1" 200 197
INFO 2026-03-26 23:43:15,162 log 780 16436 "GET /__debug__/history_sidebar/?request_id=ade20009c80e4e41b9681a4a72ddd96b HTTP/1.1" 200 10140
INFO 2026-03-26 23:43:15,845 log 780 16436 "POST /api/docs/generate-code/ HTTP/1.1" 200 136
INFO 2026-03-26 23:43:16,065 log 780 16436 "GET /__debug__/history_sidebar/?request_id=e9714b99fa79460687002cbe4d2c120c HTTP/1.1" 200 10140
INFO 2026-03-26 23:43:16,792 log 780 16436 "POST /api/docs/generate-code/ HTTP/1.1" 200 603
INFO 2026-03-26 23:43:16,815 log 780 1804 "POST /api/docs/generate-code/ HTTP/1.1" 200 603
INFO 2026-03-26 23:43:17,058 log 780 1804 "GET /__debug__/history_sidebar/?request_id=bb7716d2268548febb67934027959570 HTTP/1.1" 200 10140
INFO 2026-03-26 23:43:19,700 log 780 1804 "POST /api/docs/generate-code/ HTTP/1.1" 200 136
INFO 2026-03-26 23:43:19,934 log 780 1804 "GET /__debug__/history_sidebar/?request_id=048e3e72aa23418bb1d7978ec55ba600 HTTP/1.1" 200 10140
INFO 2026-03-26 23:43:20,953 log 780 1804 "POST /api/docs/generate-code/ HTTP/1.1" 200 197
INFO 2026-03-26 23:43:21,189 log 780 1804 "GET /__debug__/history_sidebar/?request_id=f909f23744e94951aa58210bb6e07d02 HTTP/1.1" 200 10140
INFO 2026-03-26 23:43:22,159 log 780 1804 "POST /api/docs/generate-code/ HTTP/1.1" 200 455
INFO 2026-03-26 23:43:22,391 log 780 1804 "GET /__debug__/history_sidebar/?request_id=0727349394e740349bf0ed0509fbaa6c HTTP/1.1" 200 10140
INFO 2026-03-26 23:43:41,724 log 780 1804 "POST /api/docs/generate-code/ HTTP/1.1" 200 283
INFO 2026-03-26 23:43:41,945 log 780 1804 "GET /__debug__/history_sidebar/?request_id=9476fbe4e9f44b0798bea9513f9799f2 HTTP/1.1" 200 10140
INFO 2026-03-26 23:46:04,025 autoreload 780 14064 C:\Users\shaho\OneDrive\Desktop\turizm\apps\main\models.py changed, reloading.
INFO 2026-03-26 23:46:06,323 autoreload 8224 20180 Watching for file changes with StatReloader
INFO 2026-03-26 23:54:30,952 autoreload 8224 20180 C:\Users\shaho\OneDrive\Desktop\turizm\apps\main\models.py changed, reloading.
INFO 2026-03-26 23:54:34,973 autoreload 21156 19948 Watching for file changes with StatReloader
INFO 2026-03-26 23:54:40,764 autoreload 21156 19948 C:\Users\shaho\OneDrive\Desktop\turizm\apps\main\models.py changed, reloading.
INFO 2026-03-26 23:54:43,317 autoreload 16264 6292 Watching for file changes with StatReloader
INFO 2026-03-26 23:54:47,728 autoreload 16264 6292 C:\Users\shaho\OneDrive\Desktop\turizm\apps\main\models.py changed, reloading.
INFO 2026-03-26 23:54:50,518 autoreload 10672 14588 Watching for file changes with StatReloader
INFO 2026-03-26 23:55:52,563 autoreload 10672 14588 C:\Users\shaho\OneDrive\Desktop\turizm\apps\main\models.py changed, reloading.
INFO 2026-03-26 23:55:56,383 autoreload 15872 20584 Watching for file changes with StatReloader
INFO 2026-03-26 23:56:42,189 autoreload 15872 20584 C:\Users\shaho\OneDrive\Desktop\turizm\apps\main\models.py changed, reloading.
INFO 2026-03-26 23:56:49,061 autoreload 6744 13176 Watching for file changes with StatReloader
INFO 2026-03-26 23:59:45,732 autoreload 6744 13176 C:\Users\shaho\OneDrive\Desktop\turizm\apps\main\models.py changed, reloading.
INFO 2026-03-26 23:59:48,511 autoreload 17960 17740 Watching for file changes with StatReloader
INFO 2026-03-27 00:02:51,289 autoreload 17960 17740 C:\Users\shaho\OneDrive\Desktop\turizm\apps\main\models.py changed, reloading.
INFO 2026-03-27 00:02:52,804 autoreload 11948 19500 Watching for file changes with StatReloader
INFO 2026-03-27 00:03:29,653 autoreload 11948 19500 C:\Users\shaho\OneDrive\Desktop\turizm\apps\main\models.py changed, reloading.
INFO 2026-03-27 00:03:30,560 autoreload 22092 15108 Watching for file changes with StatReloader
INFO 2026-03-27 00:03:43,426 autoreload 22092 15108 C:\Users\shaho\OneDrive\Desktop\turizm\apps\main\models.py changed, reloading.
INFO 2026-03-27 00:03:44,377 autoreload 10656 2000 Watching for file changes with StatReloader
