ERROR 2026-03-26 23:35:54,009 log 11580 20336 Internal Server Error: /api/docs/analytics/
Traceback (most recent call last):
  File "C:\Users\shaho\AppData\Roaming\Python\Python314\site-packages\django\db\backends\utils.py", line 105, in _execute
    return self.cursor.execute(sql, params)
           ~~~~~~~~~~~~~~~~~~~^^^^^^^^^^^^^
  File "C:\Users\shaho\AppData\Roaming\Python\Python314\site-packages\django\db\backends\sqlite3\base.py", line 359, in execute
    return super().execute(query, params)
           ~~~~~~~~~~~~~~~^^^^^^^^^^^^^^^
sqlite3.OperationalError: no such table: modern_drf_swagger_requestlog

The above exception was the direct cause of the following exception:

Traceback (most recent call last):
  File "C:\Users\shaho\AppData\Roaming\Python\Python314\site-packages\django\core\handlers\exception.py", line 55, in inner
    response = get_response(request)
  File "C:\Users\shaho\AppData\Roaming\Python\Python314\site-packages\django\core\handlers\base.py", line 198, in _get_response
    response = wrapped_callback(request, *callback_args, **callback_kwargs)
  File "C:\Python314\Lib\contextlib.py", line 85, in inner
    return func(*args, **kwds)
  File "C:\Users\shaho\AppData\Roaming\Python\Python314\site-packages\django\views\generic\base.py", line 106, in view
    return self.dispatch(request, *args, **kwargs)
           ~~~~~~~~~~~~~^^^^^^^^^^^^^^^^^^^^^^^^^^
  File "C:\Users\shaho\AppData\Roaming\Python\Python314\site-packages\django\contrib\auth\mixins.py", line 74, in dispatch
    return super().dispatch(request, *args, **kwargs)
           ~~~~~~~~~~~~~~~~^^^^^^^^^^^^^^^^^^^^^^^^^^
  File "C:\Users\shaho\AppData\Roaming\Python\Python314\site-packages\django\views\generic\base.py", line 145, in dispatch
    return handler(request, *args, **kwargs)
  File "C:\Users\shaho\AppData\Roaming\Python\Python314\site-packages\modern_drf_swagger\views\analytics_view.py", line 114, in get
    total_requests = RequestLog.objects.filter(base_request_filter).count()
  File "C:\Users\shaho\AppData\Roaming\Python\Python314\site-packages\django\db\models\query.py", line 610, in count
    return self.query.get_count(using=self.db)
           ~~~~~~~~~~~~~~~~~~~~^^^^^^^^^^^^^^^
  File "C:\Users\shaho\AppData\Roaming\Python\Python314\site-packages\django\db\models\sql\query.py", line 651, in get_count
    return obj.get_aggregation(using, {"__count": Count("*")})["__count"]
           ~~~~~~~~~~~~~~~~~~~^^^^^^^^^^^^^^^^^^^^^^^^^^^^^^^^
  File "C:\Users\shaho\AppData\Roaming\Python\Python314\site-packages\django\db\models\sql\query.py", line 633, in get_aggregation
    result = compiler.execute_sql(SINGLE)
  File "C:\Users\shaho\AppData\Roaming\Python\Python314\site-packages\django\db\models\sql\compiler.py", line 1624, in execute_sql
    cursor.execute(sql, params)
    ~~~~~~~~~~~~~~^^^^^^^^^^^^^
  File "C:\Users\shaho\AppData\Roaming\Python\Python314\site-packages\debug_toolbar\panels\sql\tracking.py", line 231, in execute
    return self._record(super().execute, sql, params)
           ~~~~~~~~~~~~^^^^^^^^^^^^^^^^^^^^^^^^^^^^^^
  File "C:\Users\shaho\AppData\Roaming\Python\Python314\site-packages\debug_toolbar\panels\sql\tracking.py", line 157, in _record
    return method(sql, params)
  File "C:\Users\shaho\AppData\Roaming\Python\Python314\site-packages\django\db\backends\utils.py", line 122, in execute
    return super().execute(sql, params)
           ~~~~~~~~~~~~~~~^^^^^^^^^^^^^
  File "C:\Users\shaho\AppData\Roaming\Python\Python314\site-packages\django\db\backends\utils.py", line 79, in execute
    return self._execute_with_wrappers(
           ~~~~~~~~~~~~~~~~~~~~~~~~~~~^
        sql, params, many=False, executor=self._execute
        ^^^^^^^^^^^^^^^^^^^^^^^^^^^^^^^^^^^^^^^^^^^^^^^
    )
    ^
  File "C:\Users\shaho\AppData\Roaming\Python\Python314\site-packages\django\db\backends\utils.py", line 92, in _execute_with_wrappers
    return executor(sql, params, many, context)
  File "C:\Users\shaho\AppData\Roaming\Python\Python314\site-packages\django\db\backends\utils.py", line 100, in _execute
    with self.db.wrap_database_errors:
         ^^^^^^^^^^^^^^^^^^^^^^^^^^^^
  File "C:\Users\shaho\AppData\Roaming\Python\Python314\site-packages\django\db\utils.py", line 94, in __exit__
    raise dj_exc_value.with_traceback(traceback) from exc_value
  File "C:\Users\shaho\AppData\Roaming\Python\Python314\site-packages\django\db\backends\utils.py", line 105, in _execute
    return self.cursor.execute(sql, params)
           ~~~~~~~~~~~~~~~~~~~^^^^^^^^^^^^^
  File "C:\Users\shaho\AppData\Roaming\Python\Python314\site-packages\django\db\backends\sqlite3\base.py", line 359, in execute
    return super().execute(query, params)
           ~~~~~~~~~~~~~~~^^^^^^^^^^^^^^^
django.db.utils.OperationalError: no such table: modern_drf_swagger_requestlog
